------------------------------------------------------------
TimeQuest Timing Analyzer Summary
------------------------------------------------------------

Type  : Slow 1200mV 85C Model Setup 'ula_top:U2|ula:ins_ula_cmp|CPUClk'
Slack : -14.004
TNS   : -3777.630

Type  : Slow 1200mV 85C Model Setup 'U0|altpll_component|auto_generated|pll1|clk[1]'
Slack : -7.873
TNS   : -586.845

Type  : Slow 1200mV 85C Model Setup 'U0|altpll_component|auto_generated|pll1|clk[0]'
Slack : -7.489
TNS   : -291.673

Type  : Slow 1200mV 85C Model Setup 'U0|altpll_component|auto_generated|pll1|clk[2]'
Slack : -5.758
TNS   : -118.643

Type  : Slow 1200mV 85C Model Setup 'ula_top:U2|ula:ins_ula_cmp|AttrLatch_n'
Slack : -5.449
TNS   : -41.973

Type  : Slow 1200mV 85C Model Setup 'ula_top:U2|ula:ins_ula_cmp|DataLatch_n'
Slack : -4.906
TNS   : -34.656

Type  : Slow 1200mV 85C Model Setup 'U0|altpll_component|auto_generated|pll1|clk[3]'
Slack : -4.548
TNS   : -49.329

Type  : Slow 1200mV 85C Model Setup 'ula_top:U2|ula:ins_ula_cmp|clk7'
Slack : -3.284
TNS   : -137.509

Type  : Slow 1200mV 85C Model Setup 'ula_top:U2|ula:ins_ula_cmp|AOLatch_n'
Slack : -1.502
TNS   : -10.224

Type  : Slow 1200mV 85C Model Setup 'ula_top:U2|ula:ins_ula_cmp|VSync_n'
Slack : -1.054
TNS   : -3.331

Type  : Slow 1200mV 85C Model Hold 'ula_top:U2|ula:ins_ula_cmp|CPUClk'
Slack : -1.425
TNS   : -9.366

Type  : Slow 1200mV 85C Model Hold 'U0|altpll_component|auto_generated|pll1|clk[2]'
Slack : -1.026
TNS   : -1.248

Type  : Slow 1200mV 85C Model Hold 'ula_top:U2|ula:ins_ula_cmp|clk7'
Slack : -0.384
TNS   : -0.689

Type  : Slow 1200mV 85C Model Hold 'U0|altpll_component|auto_generated|pll1|clk[0]'
Slack : 0.436
TNS   : 0.000

Type  : Slow 1200mV 85C Model Hold 'ula_top:U2|ula:ins_ula_cmp|VSync_n'
Slack : 0.465
TNS   : 0.000

Type  : Slow 1200mV 85C Model Hold 'ula_top:U2|ula:ins_ula_cmp|AOLatch_n'
Slack : 0.651
TNS   : 0.000

Type  : Slow 1200mV 85C Model Hold 'U0|altpll_component|auto_generated|pll1|clk[3]'
Slack : 0.745
TNS   : 0.000

Type  : Slow 1200mV 85C Model Hold 'ula_top:U2|ula:ins_ula_cmp|DataLatch_n'
Slack : 1.182
TNS   : 0.000

Type  : Slow 1200mV 85C Model Hold 'ula_top:U2|ula:ins_ula_cmp|AttrLatch_n'
Slack : 1.698
TNS   : 0.000

Type  : Slow 1200mV 85C Model Hold 'U0|altpll_component|auto_generated|pll1|clk[1]'
Slack : 2.350
TNS   : 0.000

Type  : Slow 1200mV 85C Model Recovery 'U0|altpll_component|auto_generated|pll1|clk[2]'
Slack : 67.494
TNS   : 0.000

Type  : Slow 1200mV 85C Model Removal 'U0|altpll_component|auto_generated|pll1|clk[2]'
Slack : 2.408
TNS   : 0.000

Type  : Slow 1200mV 85C Model Minimum Pulse Width 'ula_top:U2|ula:ins_ula_cmp|CPUClk'
Slack : -1.487
TNS   : -527.885

Type  : Slow 1200mV 85C Model Minimum Pulse Width 'ula_top:U2|ula:ins_ula_cmp|clk7'
Slack : -1.487
TNS   : -81.785

Type  : Slow 1200mV 85C Model Minimum Pulse Width 'ula_top:U2|ula:ins_ula_cmp|AOLatch_n'
Slack : -1.487
TNS   : -11.896

Type  : Slow 1200mV 85C Model Minimum Pulse Width 'ula_top:U2|ula:ins_ula_cmp|AttrLatch_n'
Slack : -1.487
TNS   : -11.896

Type  : Slow 1200mV 85C Model Minimum Pulse Width 'ula_top:U2|ula:ins_ula_cmp|DataLatch_n'
Slack : -1.487
TNS   : -11.896

Type  : Slow 1200mV 85C Model Minimum Pulse Width 'ula_top:U2|ula:ins_ula_cmp|VSync_n'
Slack : -1.487
TNS   : -7.435

Type  : Slow 1200mV 85C Model Minimum Pulse Width 'U0|altpll_component|auto_generated|pll1|clk[0]'
Slack : 5.672
TNS   : 0.000

Type  : Slow 1200mV 85C Model Minimum Pulse Width 'CLK'
Slack : 10.351
TNS   : 0.000

Type  : Slow 1200mV 85C Model Minimum Pulse Width 'U0|altpll_component|auto_generated|pll1|clk[1]'
Slack : 17.553
TNS   : 0.000

Type  : Slow 1200mV 85C Model Minimum Pulse Width 'U0|altpll_component|auto_generated|pll1|clk[2]'
Slack : 35.431
TNS   : 0.000

Type  : Slow 1200mV 85C Model Minimum Pulse Width 'U0|altpll_component|auto_generated|pll1|clk[3]'
Slack : 71.205
TNS   : 0.000

Type  : Slow 1200mV 0C Model Setup 'ula_top:U2|ula:ins_ula_cmp|CPUClk'
Slack : -13.185
TNS   : -3551.229

Type  : Slow 1200mV 0C Model Setup 'U0|altpll_component|auto_generated|pll1|clk[1]'
Slack : -7.205
TNS   : -539.902

Type  : Slow 1200mV 0C Model Setup 'U0|altpll_component|auto_generated|pll1|clk[0]'
Slack : -6.886
TNS   : -266.158

Type  : Slow 1200mV 0C Model Setup 'U0|altpll_component|auto_generated|pll1|clk[2]'
Slack : -5.229
TNS   : -106.799

Type  : Slow 1200mV 0C Model Setup 'ula_top:U2|ula:ins_ula_cmp|AttrLatch_n'
Slack : -5.222
TNS   : -40.304

Type  : Slow 1200mV 0C Model Setup 'ula_top:U2|ula:ins_ula_cmp|DataLatch_n'
Slack : -4.717
TNS   : -33.261

Type  : Slow 1200mV 0C Model Setup 'U0|altpll_component|auto_generated|pll1|clk[3]'
Slack : -4.049
TNS   : -43.869

Type  : Slow 1200mV 0C Model Setup 'ula_top:U2|ula:ins_ula_cmp|clk7'
Slack : -3.072
TNS   : -127.451

Type  : Slow 1200mV 0C Model Setup 'ula_top:U2|ula:ins_ula_cmp|AOLatch_n'
Slack : -1.363
TNS   : -9.183

Type  : Slow 1200mV 0C Model Setup 'ula_top:U2|ula:ins_ula_cmp|VSync_n'
Slack : -0.866
TNS   : -2.639

Type  : Slow 1200mV 0C Model Hold 'ula_top:U2|ula:ins_ula_cmp|CPUClk'
Slack : -1.252
TNS   : -8.117

Type  : Slow 1200mV 0C Model Hold 'U0|altpll_component|auto_generated|pll1|clk[2]'
Slack : -0.924
TNS   : -1.260

Type  : Slow 1200mV 0C Model Hold 'ula_top:U2|ula:ins_ula_cmp|clk7'
Slack : -0.364
TNS   : -0.558

Type  : Slow 1200mV 0C Model Hold 'U0|altpll_component|auto_generated|pll1|clk[0]'
Slack : 0.389
TNS   : 0.000

Type  : Slow 1200mV 0C Model Hold 'ula_top:U2|ula:ins_ula_cmp|VSync_n'
Slack : 0.417
TNS   : 0.000

Type  : Slow 1200mV 0C Model Hold 'ula_top:U2|ula:ins_ula_cmp|AOLatch_n'
Slack : 0.578
TNS   : 0.000

Type  : Slow 1200mV 0C Model Hold 'U0|altpll_component|auto_generated|pll1|clk[3]'
Slack : 0.695
TNS   : 0.000

Type  : Slow 1200mV 0C Model Hold 'ula_top:U2|ula:ins_ula_cmp|DataLatch_n'
Slack : 1.154
TNS   : 0.000

Type  : Slow 1200mV 0C Model Hold 'ula_top:U2|ula:ins_ula_cmp|AttrLatch_n'
Slack : 1.624
TNS   : 0.000

Type  : Slow 1200mV 0C Model Hold 'U0|altpll_component|auto_generated|pll1|clk[1]'
Slack : 1.995
TNS   : 0.000

Type  : Slow 1200mV 0C Model Recovery 'U0|altpll_component|auto_generated|pll1|clk[2]'
Slack : 67.698
TNS   : 0.000

Type  : Slow 1200mV 0C Model Removal 'U0|altpll_component|auto_generated|pll1|clk[2]'
Slack : 2.162
TNS   : 0.000

Type  : Slow 1200mV 0C Model Minimum Pulse Width 'ula_top:U2|ula:ins_ula_cmp|CPUClk'
Slack : -1.487
TNS   : -527.885

Type  : Slow 1200mV 0C Model Minimum Pulse Width 'ula_top:U2|ula:ins_ula_cmp|clk7'
Slack : -1.487
TNS   : -81.785

Type  : Slow 1200mV 0C Model Minimum Pulse Width 'ula_top:U2|ula:ins_ula_cmp|AOLatch_n'
Slack : -1.487
TNS   : -11.896

Type  : Slow 1200mV 0C Model Minimum Pulse Width 'ula_top:U2|ula:ins_ula_cmp|AttrLatch_n'
Slack : -1.487
TNS   : -11.896

Type  : Slow 1200mV 0C Model Minimum Pulse Width 'ula_top:U2|ula:ins_ula_cmp|DataLatch_n'
Slack : -1.487
TNS   : -11.896

Type  : Slow 1200mV 0C Model Minimum Pulse Width 'ula_top:U2|ula:ins_ula_cmp|VSync_n'
Slack : -1.487
TNS   : -7.435

Type  : Slow 1200mV 0C Model Minimum Pulse Width 'U0|altpll_component|auto_generated|pll1|clk[0]'
Slack : 5.666
TNS   : 0.000

Type  : Slow 1200mV 0C Model Minimum Pulse Width 'CLK'
Slack : 10.360
TNS   : 0.000

Type  : Slow 1200mV 0C Model Minimum Pulse Width 'U0|altpll_component|auto_generated|pll1|clk[1]'
Slack : 17.531
TNS   : 0.000

Type  : Slow 1200mV 0C Model Minimum Pulse Width 'U0|altpll_component|auto_generated|pll1|clk[2]'
Slack : 35.430
TNS   : 0.000

Type  : Slow 1200mV 0C Model Minimum Pulse Width 'U0|altpll_component|auto_generated|pll1|clk[3]'
Slack : 71.191
TNS   : 0.000

Type  : Fast 1200mV 0C Model Setup 'ula_top:U2|ula:ins_ula_cmp|CPUClk'
Slack : -5.620
TNS   : -1472.349

Type  : Fast 1200mV 0C Model Setup 'U0|altpll_component|auto_generated|pll1|clk[1]'
Slack : -3.734
TNS   : -277.240

Type  : Fast 1200mV 0C Model Setup 'U0|altpll_component|auto_generated|pll1|clk[0]'
Slack : -3.415
TNS   : -132.617

Type  : Fast 1200mV 0C Model Setup 'U0|altpll_component|auto_generated|pll1|clk[2]'
Slack : -2.716
TNS   : -56.534

Type  : Fast 1200mV 0C Model Setup 'ula_top:U2|ula:ins_ula_cmp|AttrLatch_n'
Slack : -2.149
TNS   : -16.686

Type  : Fast 1200mV 0C Model Setup 'U0|altpll_component|auto_generated|pll1|clk[3]'
Slack : -2.113
TNS   : -22.990

Type  : Fast 1200mV 0C Model Setup 'ula_top:U2|ula:ins_ula_cmp|DataLatch_n'
Slack : -1.899
TNS   : -13.650

Type  : Fast 1200mV 0C Model Setup 'ula_top:U2|ula:ins_ula_cmp|clk7'
Slack : -1.074
TNS   : -36.259

Type  : Fast 1200mV 0C Model Setup 'ula_top:U2|ula:ins_ula_cmp|AOLatch_n'
Slack : -0.451
TNS   : -2.852

Type  : Fast 1200mV 0C Model Setup 'ula_top:U2|ula:ins_ula_cmp|VSync_n'
Slack : 0.125
TNS   : 0.000

Type  : Fast 1200mV 0C Model Hold 'ula_top:U2|ula:ins_ula_cmp|CPUClk'
Slack : -0.896
TNS   : -8.906

Type  : Fast 1200mV 0C Model Hold 'U0|altpll_component|auto_generated|pll1|clk[2]'
Slack : -0.447
TNS   : -0.501

Type  : Fast 1200mV 0C Model Hold 'ula_top:U2|ula:ins_ula_cmp|clk7'
Slack : -0.245
TNS   : -0.485

Type  : Fast 1200mV 0C Model Hold 'U0|altpll_component|auto_generated|pll1|clk[0]'
Slack : 0.176
TNS   : 0.000

Type  : Fast 1200mV 0C Model Hold 'ula_top:U2|ula:ins_ula_cmp|VSync_n'
Slack : 0.193
TNS   : 0.000

Type  : Fast 1200mV 0C Model Hold 'ula_top:U2|ula:ins_ula_cmp|AOLatch_n'
Slack : 0.235
TNS   : 0.000

Type  : Fast 1200mV 0C Model Hold 'ula_top:U2|ula:ins_ula_cmp|DataLatch_n'
Slack : 0.292
TNS   : 0.000

Type  : Fast 1200mV 0C Model Hold 'U0|altpll_component|auto_generated|pll1|clk[3]'
Slack : 0.295
TNS   : 0.000

Type  : Fast 1200mV 0C Model Hold 'ula_top:U2|ula:ins_ula_cmp|AttrLatch_n'
Slack : 0.506
TNS   : 0.000

Type  : Fast 1200mV 0C Model Hold 'U0|altpll_component|auto_generated|pll1|clk[1]'
Slack : 1.034
TNS   : 0.000

Type  : Fast 1200mV 0C Model Recovery 'U0|altpll_component|auto_generated|pll1|clk[2]'
Slack : 69.650
TNS   : 0.000

Type  : Fast 1200mV 0C Model Removal 'U0|altpll_component|auto_generated|pll1|clk[2]'
Slack : 0.999
TNS   : 0.000

Type  : Fast 1200mV 0C Model Minimum Pulse Width 'ula_top:U2|ula:ins_ula_cmp|CPUClk'
Slack : -1.000
TNS   : -355.000

Type  : Fast 1200mV 0C Model Minimum Pulse Width 'ula_top:U2|ula:ins_ula_cmp|clk7'
Slack : -1.000
TNS   : -55.000

Type  : Fast 1200mV 0C Model Minimum Pulse Width 'ula_top:U2|ula:ins_ula_cmp|AOLatch_n'
Slack : -1.000
TNS   : -8.000

Type  : Fast 1200mV 0C Model Minimum Pulse Width 'ula_top:U2|ula:ins_ula_cmp|AttrLatch_n'
Slack : -1.000
TNS   : -8.000

Type  : Fast 1200mV 0C Model Minimum Pulse Width 'ula_top:U2|ula:ins_ula_cmp|DataLatch_n'
Slack : -1.000
TNS   : -8.000

Type  : Fast 1200mV 0C Model Minimum Pulse Width 'ula_top:U2|ula:ins_ula_cmp|VSync_n'
Slack : -1.000
TNS   : -5.000

Type  : Fast 1200mV 0C Model Minimum Pulse Width 'U0|altpll_component|auto_generated|pll1|clk[0]'
Slack : 5.679
TNS   : 0.000

Type  : Fast 1200mV 0C Model Minimum Pulse Width 'CLK'
Slack : 10.011
TNS   : 0.000

Type  : Fast 1200mV 0C Model Minimum Pulse Width 'U0|altpll_component|auto_generated|pll1|clk[1]'
Slack : 17.590
TNS   : 0.000

Type  : Fast 1200mV 0C Model Minimum Pulse Width 'U0|altpll_component|auto_generated|pll1|clk[2]'
Slack : 35.448
TNS   : 0.000

Type  : Fast 1200mV 0C Model Minimum Pulse Width 'U0|altpll_component|auto_generated|pll1|clk[3]'
Slack : 71.182
TNS   : 0.000

------------------------------------------------------------
